   Hello World   GoodBye World   Hellow World Again   Hello Worls again	   Bye world   Hello again